---
source: tests/wqsnap.rs
expression: output
input_file: tests/wq/tables.wq
---
id name    age dept
1  "Steve" 30  `HR
2  "Alex"  25  `IT
3  "Sunny" 27  `Sales
================================
name    math eng sci
"Steve" 85   88  90
"Alex"  90   93  89
"Sunny" 78   82  85
================================
laptop                           mouse                           desk
(`price:1200;`qty:10;`brand:"D") (`price:25;`qty:100;`brand:"L") (`price:300;`qty:15;`brand:"I")
================================
id   cust   items
1001 "A123" ((`p:"Pen";`q:2);(`p:"Notebook";`q:1))
1002 "B456" (`p:"Pencil";`q:5)
