---
source: tests/wqsnap.rs
expression: output
input_file: tests/wq/foldln.wq
---
cirrus cirrostratus cirrocumulus altostratus altocumulus stratus stratocumulus
nimbostratus cumulus cumulonimbuscirrus cirrostratus cirrocumulus altostratus
altocumulus stratus stratocumulus nimbostratus cumulus cumulonimbuscirrus
cirrostratus cirrocumulus altostratus altocumulus stratus stratocumulus
nimbostratus cumulus cumulonimbuscirrus cirrostratus cirrocumulus altostratus
altocumulus stratus stratocumulus nimbostratus cumulus cumulonimbuscirrus
cirrostratus cirrocumulus altostratus altocumulus stratus stratocumulus
nimbostratus cumulus cumulonimbuscirrus cirrostratus cirrocumulus altostratus
altocumulus stratus stratocumulus nimbostratus cumulus cumulonimbuscirrus
cirrostratus cirrocumulus altostratus altocumulus stratus stratocumulus
nimbostratus cumulus cumulonimbuscirrus cirrostratus cirrocumulus altostratus
altocumulus stratus stratocumulus nimbostratus cumulus cumulonimbuscirrus
cirrostratus cirrocumulus altostratus altocumulus stratus stratocumulus
nimbostratus cumulus cumulonimbuscirrus cirrostratus cirrocumulus altostratus
altocumulus stratus stratocumulus nimbostratus cumulus cumulonimbuscirrus
cirrostratus cirrocumulus altostratus altocumulus stratus stratocumulus
nimbostratus cumulus cumulonimbuscirrus cirrostratus cirrocumulus altostratus
altocumulus stratus stratocumulus nimbostratus cumulus cumulonimbuscirrus
cirrostratus cirrocumulus altostratus altocumulus stratus stratocumulus
nimbostratus cumulus cumulonimbuscirrus cirrostratus cirrocumulus altostratus
altocumulus stratus stratocumulus nimbostratus cumulus cumulonimbuscirrus
cirrostratus cirrocumulus altostratus altocumulus stratus stratocumulus
nimbostratus cumulus cumulonimbuscirrus cirrostratus cirrocumulus altostratus
altocumulus stratus stratocumulus nimbostratus cumulus cumulonimbuscirrus
cirrostratus cirrocumulus altostratus altocumulus stratus stratocumulus
nimbostratus cumulus cumulonimbuscirrus cirrostratus cirrocumulus altostratus
altocumulus stratus stratocumulus nimbostratus cumulus cumulonimbuscirrus
cirrostratus cirrocumulus altostratus altocumulus stratus stratocumulus
nimbostratus cumulus cumulonimbuscirrus cirrostratus cirrocumulus altostratus
altocumulus stratus stratocumulus nimbostratus cumulus cumulonimbuscirrus
cirrostratus cirrocumulus altostratus altocumulus stratus stratocumulus
nimbostratus cumulus cumulonimbuscirrus cirrostratus cirrocumulus altostratus
altocumulus stratus stratocumulus nimbostratus cumulus cumulonimbuscirrus
cirrostratus cirrocumulus altostratus altocumulus stratus stratocumulus
nimbostratus cumulus cumulonimbuscirrus cirrostratus cirrocumulus altostratus
altocumulus stratus stratocumulus nimbostratus cumulus cumulonimbuscirrus
cirrostratus cirrocumulus altostratus altocumulus stratus stratocumulus
nimbostratus cumulus cumulonimbuscirrus cirrostratus cirrocumulus altostratus
altocumulus stratus stratocumulus nimbostratus cumulus cumulonimbuscirrus
cirrostratus cirrocumulus altostratus altocumulus stratus stratocumulus
nimbostratus cumulus cumulonimbuscirrus cirrostratus cirrocumulus altostratus
altocumulus stratus stratocumulus nimbostratus cumulus cumulonimbuscirrus
cirrostratus cirrocumulus altostratus altocumulus stratus stratocumulus
nimbostratus cumulus cumulonimbuscirrus cirrostratus cirrocumulus altostratus
altocumulus stratus stratocumulus nimbostratus cumulus cumulonimbuscirrus
cirrostratus cirrocumulus altostratus altocumulus stratus stratocumulus
nimbostratus cumulus cumulonimbuscirrus cirrostratus cirrocumulus altostratus
altocumulus stratus stratocumulus nimbostratus cumulus cumulonimbuscirrus
cirrostratus cirrocumulus altostratus altocumulus stratus stratocumulus
nimbostratus cumulus cumulonimbuscirrus cirrostratus cirrocumulus altostratus
altocumulus stratus stratocumulus nimbostratus cumulus cumulonimbus cirrus
cirrostratus cirrocumulus altostratus altocumulus stratus stratocumulus
nimbostratus cumulus cumulonimbuscirrus cirrostratus cirrocumulus altostratus
altocumulus stratus stratocumulus nimbostratus cumulus cumulonimbuscirrus
cirrostratus cirrocumulus altostratus altocumulus stratus stratocumulus
nimbostratus cumulus cumulonimbuscirrus cirrostratus cirrocumulus altostratus
altocumulus stratus stratocumulus nimbostratus cumulus cumulonimbuscirrus
cirrostratus cirrocumulus altostratus altocumulus stratus stratocumulus
nimbostratus cumulus cumulonimbuscirrus cirrostratus cirrocumulus altostratus
altocumulus stratus stratocumulus nimbostratus cumulus cumulonimbuscirrus
cirrostratus cirrocumulus altostratus altocumulus stratus stratocumulus
nimbostratus cumulus cumulonimbuscirrus cirrostratus cirrocumulus altostratus
altocumulus stratus stratocumulus nimbostratus cumulus cumulonimbuscirrus
cirrostratus cirrocumulus altostratus altocumulus stratus stratocumulus
nimbostratus cumulus cumulonimbuscirrus cirrostratus cirrocumulus altostratus
altocumulus stratus stratocumulus nimbostratus cumulus cumulonimbuscirrus
cirrostratus cirrocumulus altostratus altocumulus stratus stratocumulus
nimbostratus cumulus cumulonimbuscirrus cirrostratus cirrocumulus altostratus
altocumulus stratus stratocumulus nimbostratus cumulus cumulonimbuscirrus
cirrostratus cirrocumulus altostratus altocumulus stratus stratocumulus
nimbostratus cumulus cumulonimbuscirrus cirrostratus cirrocumulus altostratus
altocumulus stratus stratocumulus nimbostratus cumulus cumulonimbuscirrus
cirrostratus cirrocumulus altostratus altocumulus stratus stratocumulus
nimbostratus cumulus cumulonimbuscirrus cirrostratus cirrocumulus altostratus
altocumulus stratus stratocumulus nimbostratus cumulus cumulonimbuscirrus
cirrostratus cirrocumulus altostratus altocumulus stratus stratocumulus
nimbostratus cumulus cumulonimbuscirrus cirrostratus cirrocumulus altostratus
altocumulus stratus stratocumulus nimbostratus cumulus cumulonimbuscirrus
cirrostratus cirrocumulus altostratus altocumulus stratus stratocumulus
nimbostratus cumulus cumulonimbuscirrus cirrostratus cirrocumulus altostratus
altocumulus stratus stratocumulus nimbostratus cumulus cumulonimbuscirrus
cirrostratus cirrocumulus altostratus altocumulus stratus stratocumulus
nimbostratus cumulus cumulonimbuscirrus cirrostratus cirrocumulus altostratus
altocumulus stratus stratocumulus nimbostratus cumulus cumulonimbuscirrus
cirrostratus cirrocumulus altostratus altocumulus stratus stratocumulus
nimbostratus cumulus cumulonimbuscirrus cirrostratus cirrocumulus altostratus
altocumulus stratus stratocumulus nimbostratus cumulus cumulonimbuscirrus
cirrostratus cirrocumulus altostratus altocumulus stratus stratocumulus
nimbostratus cumulus cumulonimbuscirrus cirrostratus cirrocumulus altostratus
altocumulus stratus stratocumulus nimbostratus cumulus cumulonimbuscirrus
cirrostratus cirrocumulus altostratus altocumulus stratus stratocumulus
nimbostratus cumulus cumulonimbuscirrus cirrostratus cirrocumulus altostratus
altocumulus stratus stratocumulus nimbostratus cumulus cumulonimbuscirrus
cirrostratus cirrocumulus altostratus altocumulus stratus stratocumulus
nimbostratus cumulus cumulonimbuscirrus cirrostratus cirrocumulus altostratus
altocumulus stratus stratocumulus nimbostratus cumulus cumulonimbuscirrus
cirrostratus cirrocumulus altostratus altocumulus stratus stratocumulus
nimbostratus cumulus cumulonimbuscirrus cirrostratus cirrocumulus altostratus
altocumulus stratus stratocumulus nimbostratus cumulus cumulonimbuscirrus
cirrostratus cirrocumulus altostratus altocumulus stratus stratocumulus
nimbostratus cumulus cumulonimbuscirrus cirrostratus cirrocumulus altostratus
altocumulus stratus stratocumulus nimbostratus cumulus cumulonimbus
