---
source: tests/wqsnap.rs
expression: output
input_file: tests/wq/asciiplot.wq
---
···       ······                               ······       ·····                1
| ···   ···    ··                             ··    ···   ···   ···             
|   ·· ··        ··                         ···       ·· ··       ··            
|    ···          ··                       ··          ···         ··           
|    ···           ··                     ··           ···          ··          
|   ·· ··           ·                     ·           ·· ··          ··         
|   ·   ··           ·                   ··          ··   ··          ··        
|  ·     ··          ··                 ··           ·     ·           ··       
| ··      ·           ··               ··           ·      ··           ·       
|··       ··           ·               ·           ··       ··           ·      
|·         ··          ··             ··          ··         ·           ··     
··          ·           ··           ··           ·          ··           ·     
·-----------··-----------·-----------·-----------··-----------··-----------·----
|            ··           ·         ··          ··             ·           ··   
|             ·           ··       ··           ·               ·           ··  
|              ·           ··     ··           ··               ··           ·  
|              ··           ·     ·           ··                 ··          ·· 
|               ··          ··   ··          ··                   ·           ··
|                ··          ·· ··           ·                     ·           ·
|                 ··          ···           ·                      ··           
|                  ·          ···          ··                       ··          
|                   ··       ·· ··       ···                         ··        ·
|                    ··    ···   ···    ··                            ···    ···
|                      ·····       ······                               ······   -1.000
0                                                                            999

|                                                                             ·· 2.220e4
|                                                                            ·· 
|                                                                          ··   
|                                                                        ··     
|                                                                      ···      
|                                                                    ···        
|                                                                  ··           
|                                                                ···            
|                                                              ···              
|                                                            ···                
|                                                         ···                   
|                                                       ···                     
|                                                     ···                       
|                                                  ···                          
|                                               ···                             
|                                             ···                               
|                                         ····                                  
|                                      ····                                     
|                                  ····                                         
|                              ····                                             
|                          ·····                                                
|                    ······                                                     
|           ·········                                                           
············-------------------------------------------------------------------- 0
0                                                                            149

|                                                                             ·· 3.992e6
|                                                                           ··· 
|                                                                          ··   
|                                                                        ···    
|                                                                      ···      
|                                                                    ···        
|                                                                  ···       ···
|                                                                ···       ···  
|                                                              ···      ····    
|                                                            ···      ···       
|                                                         ···      ····         
|                                                       ···      ···            
|                                                    ····     ···           ····
|                                                  ···     ····         ····    
|                                               ····    ····        ·····       
|                                            ····   ····        ·····           
|                                         ····   ····      ······               
|                                      ····  ····      ·····                 ···
|                                  ···········   ·······              ········  
|                              ··········   ······            ·········         
|                         ···················       ···········           ······
|                   ··················  ·············    ··················     
|           ····································································
················································-------------------------------- 0
0                                                                            999

·····    ········                             ········    ·········              1
|   ······      ····                       ····      ······       ····          
|   ······         ···                   ···         ······          ···        
| ···    ···         ···               ···         ···     ··          ···      
···        ··          ···           ···          ··        ···          ··     
·-----------···----------···--------··----------···-----------···----------··---
|             ···          ··     ··          ···               ···         ··· 
|               ···          ······         ···                   ···         ··
|                 ····       ·····       ····                       ····      ··
|                    ·········    ········                             ········  -1.000
0                                                                            999

·····    ········                             ········    ·········              1
|   ······      ····                       ····      ······       ····          
|   ······         ···                   ···         ······          ···        
| ···    ···         ···               ···         ···     ··          ···      
···        ··          ···           ···          ··        ···          ··     
·-----------···----------···--------··----------···-----------···----------··---
|             ···          ··     ··          ···               ···         ··· 
|               ···          ······         ···                   ···         ··
|                 ····       ·····       ····                       ····      ··
|                    ·········    ········                             ········  -1.000
0                                                                            999
sin(·), cos(·)
